// Jest Snapshot v1, https://goo.gl/fbAQLP

exports[`Home Page Renders 1`] = `
<div>
  <div
    class="game-frame"
  >
    <h1
      class="game-frame__heading"
    >
      Castle Wars
    </h1>
    <div
      class="game-screen"
    >
      <div
        class="game-screen__play-area"
      >
        <div
          class="cloud-overlay"
        />
      </div>
      <div
        class="game-screen__card-area"
      />
    </div>
  </div>
</div>
`;
