// Jest Snapshot v1, https://goo.gl/fbAQLP

exports[`Home Page Renders 1`] = `
<div>
  <div
    class="game-frame"
  >
    <h1
      class="game-frame__heading"
    >
      Castle Wars
    </h1>
    <div
      class="game-screen"
    >
      <div
        class="game-screen__world"
      >
        <div
          class="cloud-overlay"
        />
        <div
          class="play-area"
        >
          <div
            class="play-area__resource"
          >
            <div
              class="display-name display-name--highlighted"
            >
              Player
            </div>
            <div
              class="resource-display"
            >
              <div
                class="resource-display__card resource-display__card--bricks"
              >
                <div
                  class="resource-display__item"
                >
                  <p>
                    Builders
                  </p>
                  <p>
                    2
                  </p>
                </div>
                <hr
                  class="resource-display__separator"
                />
                <div
                  class="resource-display__item"
                >
                  <p>
                    Bricks
                  </p>
                  <p>
                    5
                  </p>
                </div>
              </div>
              <div
                class="resource-display__card resource-display__card--weapons"
              >
                <div
                  class="resource-display__item"
                >
                  <p>
                    Soldiers
                  </p>
                  <p>
                    2
                  </p>
                </div>
                <hr
                  class="resource-display__separator"
                />
                <div
                  class="resource-display__item"
                >
                  <p>
                    Weapons
                  </p>
                  <p>
                    5
                  </p>
                </div>
              </div>
              <div
                class="resource-display__card resource-display__card--crystals"
              >
                <div
                  class="resource-display__item"
                >
                  <p>
                    Magic
                  </p>
                  <p>
                    2
                  </p>
                </div>
                <hr
                  class="resource-display__separator"
                />
                <div
                  class="resource-display__item"
                >
                  <p>
                    Crystals
                  </p>
                  <p>
                    5
                  </p>
                </div>
              </div>
              <div
                class="resource-display__card resource-display__card--castle"
              >
                <div
                  class="resource-display__item"
                >
                  <p>
                    Castle
                  </p>
                  <p>
                    30
                  </p>
                </div>
                <hr
                  class="resource-display__separator"
                />
                <div
                  class="resource-display__item"
                >
                  <p>
                    Fence
                  </p>
                  <p>
                    10
                  </p>
                </div>
              </div>
            </div>
          </div>
          <div
            class="castle"
          >
            <img
              alt="castle"
              class="castle__castle-img"
              src="castle-red.png"
              style="transform: translate(0,0%);"
            />
            <img
              alt="fence"
              class="castle__fence-img"
              src="fence-red.png"
              style="transform: translate(0,0%) scale(4, 1);"
            />
          </div>
          <div
            class="play-area__deck"
            style="text-align: center; margin-top: 10px;"
          >
            <button
              style="color: black;"
            >
              Toggle Turn
            </button>
          </div>
          <div
            class="castle castle--flipped"
          >
            <img
              alt="castle"
              class="castle__castle-img"
              src="castle-blue.png"
              style="transform: translate(0,95%);"
            />
            <img
              alt="fence"
              class="castle__fence-img"
              src="fence-blue.png"
              style="transform: translate(0,98%) scale(4, 1);"
            />
          </div>
          <div
            class="play-area__resource"
          >
            <div
              class="display-name"
            >
              Computer
            </div>
            <div
              class="resource-display"
            >
              <div
                class="resource-display__card resource-display__card--bricks"
              >
                <div
                  class="resource-display__item"
                >
                  <p>
                    Builders
                  </p>
                  <p>
                    2
                  </p>
                </div>
                <hr
                  class="resource-display__separator"
                />
                <div
                  class="resource-display__item"
                >
                  <p>
                    Bricks
                  </p>
                  <p>
                    5
                  </p>
                </div>
              </div>
              <div
                class="resource-display__card resource-display__card--weapons"
              >
                <div
                  class="resource-display__item"
                >
                  <p>
                    Soldiers
                  </p>
                  <p>
                    2
                  </p>
                </div>
                <hr
                  class="resource-display__separator"
                />
                <div
                  class="resource-display__item"
                >
                  <p>
                    Weapons
                  </p>
                  <p>
                    5
                  </p>
                </div>
              </div>
              <div
                class="resource-display__card resource-display__card--crystals"
              >
                <div
                  class="resource-display__item"
                >
                  <p>
                    Magic
                  </p>
                  <p>
                    2
                  </p>
                </div>
                <hr
                  class="resource-display__separator"
                />
                <div
                  class="resource-display__item"
                >
                  <p>
                    Crystals
                  </p>
                  <p>
                    5
                  </p>
                </div>
              </div>
              <div
                class="resource-display__card resource-display__card--castle"
              >
                <div
                  class="resource-display__item"
                >
                  <p>
                    Castle
                  </p>
                  <p>
                    30
                  </p>
                </div>
                <hr
                  class="resource-display__separator"
                />
                <div
                  class="resource-display__item"
                >
                  <p>
                    Fence
                  </p>
                  <p>
                    10
                  </p>
                </div>
              </div>
            </div>
          </div>
        </div>
      </div>
      <div
        class="game-screen__card-area"
      />
    </div>
  </div>
</div>
`;
